// Jest Snapshot v1, https://goo.gl/fbAQLP

exports[`button for counter renders correctly 1`] = `
<TouchableHighlight
  onPress={[MockFunction]}
  style={
    Object {
      "backgroundColor": "#000",
      "borderRadius": 5,
      "padding": 10,
    }
  }
>
  <Text
    style={
      Object {
        "color": "#fff",
      }
    }
  >
    buttonName
  </Text>
</TouchableHighlight>
`;
